FONTENUMPROCW|
/// An application defined callback function used with the EnumFontFamilies
/// function.
///
/// To learn more, see
/// <https://learn.microsoft.com/previous-versions/dd162621(v=vs.85)>.
///
/// {@category callback}
typedef FONTENUMPROC =
    Int32 Function(
      Pointer<LOGFONT> param0,
      Pointer<TEXTMETRIC> param1,
      Uint32 param2,
      LPARAM param3,
    );
