PROC|
/// {@category callback}
typedef PROC = Pointer;
