ALERTER_MAILSLOT|
const ALERTER_MAILSLOT = '\\\\.\\MAILSLOT\\Alerter';
