ALL_TRANSPORTS|
const ALL_TRANSPORTS = 'M\x00\x00\x00';
