CO_E_NOTINITIALIZED|
/// Represents the HRESULT value `0x800401F0` (`-2147221008`).
const CO_E_NOTINITIALIZED = HRESULT(0x800401F0 - 0x100000000);
