DPI_AWARENESS_CONTEXT_PER_MONITOR_AWARE_V2|
const DPI_AWARENESS_CONTEXT_PER_MONITOR_AWARE_V2 = -4;
