E_NOINTERFACE|
/// Represents the HRESULT value `0x80004002` (`-2147467262`).
const E_NOINTERFACE = HRESULT(0x80004002 - 0x100000000);
