FOLDERID_System|
final FOLDERID_System = Guid.fromComponents(
  0x1ac14e77,
  0x2e7,
  0x4e5d,
  Uint8List.fromList(const [0xb7, 0x44, 0x2e, 0xb1, 0xae, 0x51, 0x98, 0xb7]),
);
