HKEY_LOCAL_MACHINE|
const HKEY_LOCAL_MACHINE = -2147483646;
