HWND_TOP|
/// Places the window at the top of the Z order.
///
/// To learn more, see
/// <https://learn.microsoft.com/windows/win32/api/winuser/nf-winuser-deferwindowpos>.
const HWND_TOP = 0;
