PKEY_FileName|
final PKEY_FileName = PropertyKey.fromComponents(
  0x41cf5ae0,
  0xf75a,
  0x4806,
  Uint8List.fromList(const [0xbd, 0x87, 0x59, 0xc7, 0xd9, 0x24, 0x8e, 0xb9]),
  100,
);
