SPREG_USER_ROOT|
const SPREG_USER_ROOT = 'HKEY_CURRENT_USER\\SOFTWARE\\Microsoft\\Speech';
