SRWLOCK_INIT|
final Pointer SRWLOCK_INIT = Pointer.fromAddress(0);
