STATUS_NOT_IMPLEMENTED|
/// Represents the NTSTATUS value `0xC0000002` (`-1073741822`).
const STATUS_NOT_IMPLEMENTED = NTSTATUS(0xC0000002 - 0x100000000);
