U8_LEAD3_T1_BITS|
const U8_LEAD3_T1_BITS = ' 000000000000\x1000';
