U8_LEAD4_T1_BITS|
const U8_LEAD4_T1_BITS =
    '\x00\x00\x00\x00\x00\x00\x00\x00\x1e\x0f\x0f\x0f\x00\x00\x00\x00';
