UIA_ScrollPatternNoScroll|
const UIA_ScrollPatternNoScroll = -1.0;
